Circuits not, and, and or are defined.

DNF circuit for f:
f(<Bit>, <Bit>, <Bit>) -> <Bit>
f(X, Y, Z) = X & Y & Z | X & !Y & !Z

Error: You are redefining the local variable X.

Error: Invalid truth table output for h.

Error: Invalid truth table output for i.

DNF circuit for j:
j() -> <Bit>
j() = zero()
