Displaying not:
digraph whitebox {
  rankdir = TB;
  nodesep = 0.2;
  GATE_not_3__INPUTS
    [ shape = none
    , label = <<TABLE BORDER="0" CELLBORDER="0" CELLSPACING="10">
               <TR>
               <TD PORT="x"><FONT POINT-SIZE="20">x</FONT></TD>

               </TR>
               </TABLE>>
    ];

subgraph cluster_circuit__GATE_not_3 {
  style=invis;
subgraph gate_3__0__0 {
  style = invis;
  GATE_nand_3__0__0
    [ shape = none
    , label = <<TABLE BORDER="1" CELLBORDER="0" CELLSPACING="4">
               <TR><TD PORT="X"><FONT POINT-SIZE="7">X</FONT></TD>
<TD PORT="Y"><FONT POINT-SIZE="7">Y</FONT></TD>
</TR>
               <TR><TD COLSPAN="2"><FONT POINT-SIZE="20">nand</FONT></TD></TR>
               <TR><TD PORT="Z"><FONT POINT-SIZE="7">Z</FONT></TD>
</TR>

              </TABLE>>
    ];
}
subgraph fanout_3__1 {
  style = invis;
  COPY_3__1
    [ shape = none
    , style = filled
    , fillcolor = skyblue
    , fixedsize = true
    , width = 0.14
    , height = .1
    , label = <<TABLE BORDER="0" CELLBORDER="0" CELLSPACING="0">
               <TR><TD PORT="x" COLSPAN="2"></TD>
</TR>
               <TR><TD PORT="__VIRTUAL__0"></TD>
<TD PORT="__VIRTUAL__1"></TD>
</TR>
              </TABLE>>
    ];
}
}
  GATE_not_3__OUTPUTS
    [ shape = none
    , label = <<TABLE BORDER="0" CELLBORDER="0" CELLSPACING="10">
               <TR>
               <TD PORT="__VIRTUAL__2"></TD>

               </TR>
               </TABLE>>
    ];

COPY_3__1:__VIRTUAL__0:s -> GATE_nand_3__0__0:X:n [label=" ", arrowsize = .5 penwidth= 2];
COPY_3__1:__VIRTUAL__1:s -> GATE_nand_3__0__0:Y:n [label=" ", arrowsize = .5 penwidth= 2];
GATE_nand_3__0__0:Z:s -> GATE_not_3__OUTPUTS:__VIRTUAL__2 [label=" ", arrowsize = .5 penwidth= 2];
GATE_not_3__INPUTS:x -> COPY_3__1:x:n [label=" ", arrowsize = .5 penwidth= 2 , dir = none];
}

