Truth table for dff:
D { Q -> Q } Q
--{--------}--
0 { 0 -> 0 } 0
  { 1 -> 0 } 1
1 { 0 -> 1 } 0
  { 1 -> 1 } 1


Typing for dff:
dff(<Bit>) -> @<Bit>


Circuit not is defined.


Circuit and is defined.


Circuit or is defined.


Circuit alternator is defined.


Truth table for alternator:
 { ALT -> ALT } ALT
-{------------}----
 { 0   -> 1   } 0  
 { 1   -> 0   } 1  


Circuit xor is defined.


Circuit tff is defined.


Truth table for tff:
T { Q -> Q } Q
--{--------}--
0 { 0 -> 0 } 0
  { 1 -> 1 } 1
1 { 0 -> 1 } 0
  { 1 -> 0 } 1


Circuit count2 is defined.


Truth table for count2:
 { Q1 Q2 -> Q1 Q2 } Q2 Q1
-{----------------}------
 { 0  0  -> 1  0  } 0  0 
 { 0  1  -> 1  1  } 1  0 
 { 1  0  -> 0  1  } 0  1 
 { 1  1  -> 0  0  } 1  1 


Circuit count2tff is defined.


Truth table for count2tff:
 { Q1 Q2 -> Q1 Q2 } [Q2 Q1]
-{----------------}--------
 { 0  0  -> 1  0  } [0  0 ]
 { 0  1  -> 1  1  } [1  0 ]
 { 1  0  -> 0  1  } [0  1 ]
 { 1  1  -> 0  0  } [1  1 ]


Error: You are redefining the top-level variable dff.


Circuit dff is defined.


Truth table for dff:
D { QD -> QD } QD
--{----------}---
0 { 0  -> 0  } 0 
  { 1  -> 0  } 1 
1 { 0  -> 1  } 0 
  { 1  -> 1  } 1 


Error: You are redefining the top-level variable zero.


Circuit zero is defined.


Truth table for zero:
 { W -> W } Z
-{--------}--
 { 0 -> 0 } 0
 { 1 -> 1 } 0
