Error: You haven't declared the circuit f just now.
