not is defined.

and is defined.

or is defined.

nor is defined.

xor is defined.

xor1 is defined.

xor2 is defined.

hadd is defined.

fadd is defined.

jkff is defined.

adc2 is defined.

Type alias Two defined.

adcTwo is defined.

ndnff is defined.

tff is defined.

jkt is defined.

one is defined.

guff is defined.

tff2 is defined.

Truth table for not:
X | Z
--|--
0 | 1
1 | 0

Truth table for and:
X Y | Z
----|--
0 0 | 0
0 1 | 0
1 0 | 0
1 1 | 1

Truth table for or:
X Y | Z
----|--
0 0 | 0
0 1 | 1
1 0 | 1
1 1 | 1

Truth table for xor:
X Y | Z
----|--
0 0 | 0
0 1 | 1
1 0 | 1
1 1 | 0

Truth table for hadd:
X1 Y1 | C2 S1
------|------
0  0  | 0  0 
0  1  | 0  1 
1  0  | 0  1 
1  1  | 1  0 

Simulation for hadd:
0 {} 00 -> 00
1 {} 01 -> 01
2 {} 10 -> 01
3 {} 11 -> 10
4 {}

Truth table for fadd:
X1 Y1 C1 | C2 Z1
---------|------
0  0  0  | 0  0 
0  0  1  | 0  1 
0  1  0  | 0  1 
0  1  1  | 1  0 
1  0  0  | 0  1 
1  0  1  | 1  0 
1  1  0  | 1  0 
1  1  1  | 1  1 

Truth table for adc2:
[X2 X1] [Y2 Y1] C1 | C4 [Z2 Z1]
-------------------|-----------
[0  0 ] [0  0 ] 0  | 0  [0  0 ]
[0  0 ] [0  0 ] 1  | 0  [0  1 ]
[0  0 ] [0  1 ] 0  | 0  [0  1 ]
[0  0 ] [0  1 ] 1  | 0  [1  0 ]
[0  0 ] [1  0 ] 0  | 0  [1  0 ]
[0  0 ] [1  0 ] 1  | 0  [1  1 ]
[0  0 ] [1  1 ] 0  | 0  [1  1 ]
[0  0 ] [1  1 ] 1  | 1  [0  0 ]
[0  1 ] [0  0 ] 0  | 0  [0  1 ]
[0  1 ] [0  0 ] 1  | 0  [1  0 ]
[0  1 ] [0  1 ] 0  | 0  [1  0 ]
[0  1 ] [0  1 ] 1  | 0  [1  1 ]
[0  1 ] [1  0 ] 0  | 0  [1  1 ]
[0  1 ] [1  0 ] 1  | 1  [0  0 ]
[0  1 ] [1  1 ] 0  | 1  [0  0 ]
[0  1 ] [1  1 ] 1  | 1  [0  1 ]
[1  0 ] [0  0 ] 0  | 0  [1  0 ]
[1  0 ] [0  0 ] 1  | 0  [1  1 ]
[1  0 ] [0  1 ] 0  | 0  [1  1 ]
[1  0 ] [0  1 ] 1  | 1  [0  0 ]
[1  0 ] [1  0 ] 0  | 1  [0  0 ]
[1  0 ] [1  0 ] 1  | 1  [0  1 ]
[1  0 ] [1  1 ] 0  | 1  [0  1 ]
[1  0 ] [1  1 ] 1  | 1  [1  0 ]
[1  1 ] [0  0 ] 0  | 0  [1  1 ]
[1  1 ] [0  0 ] 1  | 1  [0  0 ]
[1  1 ] [0  1 ] 0  | 1  [0  0 ]
[1  1 ] [0  1 ] 1  | 1  [0  1 ]
[1  1 ] [1  0 ] 0  | 1  [0  1 ]
[1  1 ] [1  0 ] 1  | 1  [1  0 ]
[1  1 ] [1  1 ] 0  | 1  [1  0 ]
[1  1 ] [1  1 ] 1  | 1  [1  1 ]

Truth table for jkff:
J K { Q -> Q } Q
----{--------}--
0 0 { 0 -> 0 } 0
    { 1 -> 1 } 1
0 1 { 0 -> 0 } 0
    { 1 -> 0 } 1
1 0 { 0 -> 1 } 0
    { 1 -> 1 } 1
1 1 { 0 -> 1 } 0
    { 1 -> 0 } 1

Simulation for jkff:
 0 {0} 10 -> 0
 1 {1} 00 -> 1
 2 {1} 01 -> 1
 3 {0} 00 -> 0
 4 {0} 11 -> 0
 5 {1} 00 -> 1
 6 {1} 11 -> 1
 7 {0} 00 -> 0
 8 {0} 10 -> 0
 9 {1} 01 -> 1
10 {0} 00 -> 0
11 {0} 10 -> 0
12 {1} 00 -> 1
13 {1}

dff behaves like ndnff
  {1} ~ {0}
  {0} ~ {1}

dff can be distinguished from all possible states of tff
when dff has memory {0}
if tff has memory like {1}, try inputs 0
if tff has memory like {0}, try inputs 1;0;0

Simulation for dff:
0 {0} 1 -> 0
1 {1} 0 -> 1
2 {0} 0 -> 0
3 {0}

Simulation for tff:
0 {0} 1 -> 0
1 {1} 0 -> 1
2 {1} 0 -> 1
3 {1}

tff behaves like jkt
  {1} ~ {1}
  {0} ~ {0}

nand has a behaviour that nor does not match
  nand(01) = 1 but nor(01) = 0
  nand(10) = 1 but nor(10) = 0

nand behaves like nand
  {} ~ {}

xor1 behaves like xor2
  {} ~ {}

xor has a behaviour that or does not match
  xor(11) = 0 but or(11) = 1

Truth table for one:
 |  
-|--
 | 1

Truth table for tff2:
T { Q2 Q1 -> Q2 Q1 }  
--{----------------}--
0 { 0  0  -> 1  1  } 0
  { 0  1  -> 1  0  } 1
  { 1  0  -> 0  1  } 1
  { 1  1  -> 0  0  } 0
1 { 0  0  -> 1  0  } 0
  { 0  1  -> 0  0  } 1
  { 1  0  -> 1  1  } 1
  { 1  1  -> 0  1  } 0

tff can be distinguished from all possible states of guff
when tff has memory {0}
if guff has memory like {11}, try inputs 0;1;0
if guff has memory like {00}, try inputs 0;1;0
if guff has memory like {10}, try inputs 0
if guff has memory like {01}, try inputs 0

Simulation for tff:
0 {0} 0 -> 0
1 {0} 1 -> 0
2 {1} 0 -> 1
3 {1}

Simulation for guff:
0 {00} 0 -> 0
1 {11} 1 -> 0
2 {00} 0 -> 0
3 {11}

tff behaves like tff2
  {1} ~ {01,10}
  {0} ~ {00,11}

Type alias Four defined.

adc4 is defined.

Truth table for adc4:
[X32  X10 ] [Y32  Y10 ] CI | CO [Z32  Z10 ]
---------------------------|---------------
[[00] [00]] [[00] [00]] 0  | 0  [[00] [00]]
[[00] [00]] [[00] [00]] 1  | 0  [[00] [01]]
[[00] [00]] [[00] [01]] 0  | 0  [[00] [01]]
[[00] [00]] [[00] [01]] 1  | 0  [[00] [10]]
[[00] [00]] [[00] [10]] 0  | 0  [[00] [10]]
[[00] [00]] [[00] [10]] 1  | 0  [[00] [11]]
[[00] [00]] [[00] [11]] 0  | 0  [[00] [11]]
[[00] [00]] [[00] [11]] 1  | 0  [[01] [00]]
[[00] [00]] [[01] [00]] 0  | 0  [[01] [00]]
[[00] [00]] [[01] [00]] 1  | 0  [[01] [01]]
[[00] [00]] [[01] [01]] 0  | 0  [[01] [01]]
[[00] [00]] [[01] [01]] 1  | 0  [[01] [10]]
[[00] [00]] [[01] [10]] 0  | 0  [[01] [10]]
[[00] [00]] [[01] [10]] 1  | 0  [[01] [11]]
[[00] [00]] [[01] [11]] 0  | 0  [[01] [11]]
[[00] [00]] [[01] [11]] 1  | 0  [[10] [00]]
[[00] [00]] [[10] [00]] 0  | 0  [[10] [00]]
[[00] [00]] [[10] [00]] 1  | 0  [[10] [01]]
[[00] [00]] [[10] [01]] 0  | 0  [[10] [01]]
[[00] [00]] [[10] [01]] 1  | 0  [[10] [10]]
[[00] [00]] [[10] [10]] 0  | 0  [[10] [10]]
[[00] [00]] [[10] [10]] 1  | 0  [[10] [11]]
[[00] [00]] [[10] [11]] 0  | 0  [[10] [11]]
[[00] [00]] [[10] [11]] 1  | 0  [[11] [00]]
[[00] [00]] [[11] [00]] 0  | 0  [[11] [00]]
[[00] [00]] [[11] [00]] 1  | 0  [[11] [01]]
[[00] [00]] [[11] [01]] 0  | 0  [[11] [01]]
[[00] [00]] [[11] [01]] 1  | 0  [[11] [10]]
[[00] [00]] [[11] [10]] 0  | 0  [[11] [10]]
[[00] [00]] [[11] [10]] 1  | 0  [[11] [11]]
[[00] [00]] [[11] [11]] 0  | 0  [[11] [11]]
[[00] [00]] [[11] [11]] 1  | 1  [[00] [00]]
[[00] [01]] [[00] [00]] 0  | 0  [[00] [01]]
[[00] [01]] [[00] [00]] 1  | 0  [[00] [10]]
[[00] [01]] [[00] [01]] 0  | 0  [[00] [10]]
[[00] [01]] [[00] [01]] 1  | 0  [[00] [11]]
[[00] [01]] [[00] [10]] 0  | 0  [[00] [11]]
[[00] [01]] [[00] [10]] 1  | 0  [[01] [00]]
[[00] [01]] [[00] [11]] 0  | 0  [[01] [00]]
[[00] [01]] [[00] [11]] 1  | 0  [[01] [01]]
[[00] [01]] [[01] [00]] 0  | 0  [[01] [01]]
[[00] [01]] [[01] [00]] 1  | 0  [[01] [10]]
[[00] [01]] [[01] [01]] 0  | 0  [[01] [10]]
[[00] [01]] [[01] [01]] 1  | 0  [[01] [11]]
[[00] [01]] [[01] [10]] 0  | 0  [[01] [11]]
[[00] [01]] [[01] [10]] 1  | 0  [[10] [00]]
[[00] [01]] [[01] [11]] 0  | 0  [[10] [00]]
[[00] [01]] [[01] [11]] 1  | 0  [[10] [01]]
[[00] [01]] [[10] [00]] 0  | 0  [[10] [01]]
[[00] [01]] [[10] [00]] 1  | 0  [[10] [10]]
[[00] [01]] [[10] [01]] 0  | 0  [[10] [10]]
[[00] [01]] [[10] [01]] 1  | 0  [[10] [11]]
[[00] [01]] [[10] [10]] 0  | 0  [[10] [11]]
[[00] [01]] [[10] [10]] 1  | 0  [[11] [00]]
[[00] [01]] [[10] [11]] 0  | 0  [[11] [00]]
[[00] [01]] [[10] [11]] 1  | 0  [[11] [01]]
[[00] [01]] [[11] [00]] 0  | 0  [[11] [01]]
[[00] [01]] [[11] [00]] 1  | 0  [[11] [10]]
[[00] [01]] [[11] [01]] 0  | 0  [[11] [10]]
[[00] [01]] [[11] [01]] 1  | 0  [[11] [11]]
[[00] [01]] [[11] [10]] 0  | 0  [[11] [11]]
[[00] [01]] [[11] [10]] 1  | 1  [[00] [00]]
[[00] [01]] [[11] [11]] 0  | 1  [[00] [00]]
[[00] [01]] [[11] [11]] 1  | 1  [[00] [01]]
[[00] [10]] [[00] [00]] 0  | 0  [[00] [10]]
[[00] [10]] [[00] [00]] 1  | 0  [[00] [11]]
[[00] [10]] [[00] [01]] 0  | 0  [[00] [11]]
[[00] [10]] [[00] [01]] 1  | 0  [[01] [00]]
[[00] [10]] [[00] [10]] 0  | 0  [[01] [00]]
[[00] [10]] [[00] [10]] 1  | 0  [[01] [01]]
[[00] [10]] [[00] [11]] 0  | 0  [[01] [01]]
[[00] [10]] [[00] [11]] 1  | 0  [[01] [10]]
[[00] [10]] [[01] [00]] 0  | 0  [[01] [10]]
[[00] [10]] [[01] [00]] 1  | 0  [[01] [11]]
[[00] [10]] [[01] [01]] 0  | 0  [[01] [11]]
[[00] [10]] [[01] [01]] 1  | 0  [[10] [00]]
[[00] [10]] [[01] [10]] 0  | 0  [[10] [00]]
[[00] [10]] [[01] [10]] 1  | 0  [[10] [01]]
[[00] [10]] [[01] [11]] 0  | 0  [[10] [01]]
[[00] [10]] [[01] [11]] 1  | 0  [[10] [10]]
[[00] [10]] [[10] [00]] 0  | 0  [[10] [10]]
[[00] [10]] [[10] [00]] 1  | 0  [[10] [11]]
[[00] [10]] [[10] [01]] 0  | 0  [[10] [11]]
[[00] [10]] [[10] [01]] 1  | 0  [[11] [00]]
[[00] [10]] [[10] [10]] 0  | 0  [[11] [00]]
[[00] [10]] [[10] [10]] 1  | 0  [[11] [01]]
[[00] [10]] [[10] [11]] 0  | 0  [[11] [01]]
[[00] [10]] [[10] [11]] 1  | 0  [[11] [10]]
[[00] [10]] [[11] [00]] 0  | 0  [[11] [10]]
[[00] [10]] [[11] [00]] 1  | 0  [[11] [11]]
[[00] [10]] [[11] [01]] 0  | 0  [[11] [11]]
[[00] [10]] [[11] [01]] 1  | 1  [[00] [00]]
[[00] [10]] [[11] [10]] 0  | 1  [[00] [00]]
[[00] [10]] [[11] [10]] 1  | 1  [[00] [01]]
[[00] [10]] [[11] [11]] 0  | 1  [[00] [01]]
[[00] [10]] [[11] [11]] 1  | 1  [[00] [10]]
[[00] [11]] [[00] [00]] 0  | 0  [[00] [11]]
[[00] [11]] [[00] [00]] 1  | 0  [[01] [00]]
[[00] [11]] [[00] [01]] 0  | 0  [[01] [00]]
[[00] [11]] [[00] [01]] 1  | 0  [[01] [01]]
[[00] [11]] [[00] [10]] 0  | 0  [[01] [01]]
[[00] [11]] [[00] [10]] 1  | 0  [[01] [10]]
[[00] [11]] [[00] [11]] 0  | 0  [[01] [10]]
[[00] [11]] [[00] [11]] 1  | 0  [[01] [11]]
[[00] [11]] [[01] [00]] 0  | 0  [[01] [11]]
[[00] [11]] [[01] [00]] 1  | 0  [[10] [00]]
[[00] [11]] [[01] [01]] 0  | 0  [[10] [00]]
[[00] [11]] [[01] [01]] 1  | 0  [[10] [01]]
[[00] [11]] [[01] [10]] 0  | 0  [[10] [01]]
[[00] [11]] [[01] [10]] 1  | 0  [[10] [10]]
[[00] [11]] [[01] [11]] 0  | 0  [[10] [10]]
[[00] [11]] [[01] [11]] 1  | 0  [[10] [11]]
[[00] [11]] [[10] [00]] 0  | 0  [[10] [11]]
[[00] [11]] [[10] [00]] 1  | 0  [[11] [00]]
[[00] [11]] [[10] [01]] 0  | 0  [[11] [00]]
[[00] [11]] [[10] [01]] 1  | 0  [[11] [01]]
[[00] [11]] [[10] [10]] 0  | 0  [[11] [01]]
[[00] [11]] [[10] [10]] 1  | 0  [[11] [10]]
[[00] [11]] [[10] [11]] 0  | 0  [[11] [10]]
[[00] [11]] [[10] [11]] 1  | 0  [[11] [11]]
[[00] [11]] [[11] [00]] 0  | 0  [[11] [11]]
[[00] [11]] [[11] [00]] 1  | 1  [[00] [00]]
[[00] [11]] [[11] [01]] 0  | 1  [[00] [00]]
[[00] [11]] [[11] [01]] 1  | 1  [[00] [01]]
[[00] [11]] [[11] [10]] 0  | 1  [[00] [01]]
[[00] [11]] [[11] [10]] 1  | 1  [[00] [10]]
[[00] [11]] [[11] [11]] 0  | 1  [[00] [10]]
[[00] [11]] [[11] [11]] 1  | 1  [[00] [11]]
[[01] [00]] [[00] [00]] 0  | 0  [[01] [00]]
[[01] [00]] [[00] [00]] 1  | 0  [[01] [01]]
[[01] [00]] [[00] [01]] 0  | 0  [[01] [01]]
[[01] [00]] [[00] [01]] 1  | 0  [[01] [10]]
[[01] [00]] [[00] [10]] 0  | 0  [[01] [10]]
[[01] [00]] [[00] [10]] 1  | 0  [[01] [11]]
[[01] [00]] [[00] [11]] 0  | 0  [[01] [11]]
[[01] [00]] [[00] [11]] 1  | 0  [[10] [00]]
[[01] [00]] [[01] [00]] 0  | 0  [[10] [00]]
[[01] [00]] [[01] [00]] 1  | 0  [[10] [01]]
[[01] [00]] [[01] [01]] 0  | 0  [[10] [01]]
[[01] [00]] [[01] [01]] 1  | 0  [[10] [10]]
[[01] [00]] [[01] [10]] 0  | 0  [[10] [10]]
[[01] [00]] [[01] [10]] 1  | 0  [[10] [11]]
[[01] [00]] [[01] [11]] 0  | 0  [[10] [11]]
[[01] [00]] [[01] [11]] 1  | 0  [[11] [00]]
[[01] [00]] [[10] [00]] 0  | 0  [[11] [00]]
[[01] [00]] [[10] [00]] 1  | 0  [[11] [01]]
[[01] [00]] [[10] [01]] 0  | 0  [[11] [01]]
[[01] [00]] [[10] [01]] 1  | 0  [[11] [10]]
[[01] [00]] [[10] [10]] 0  | 0  [[11] [10]]
[[01] [00]] [[10] [10]] 1  | 0  [[11] [11]]
[[01] [00]] [[10] [11]] 0  | 0  [[11] [11]]
[[01] [00]] [[10] [11]] 1  | 1  [[00] [00]]
[[01] [00]] [[11] [00]] 0  | 1  [[00] [00]]
[[01] [00]] [[11] [00]] 1  | 1  [[00] [01]]
[[01] [00]] [[11] [01]] 0  | 1  [[00] [01]]
[[01] [00]] [[11] [01]] 1  | 1  [[00] [10]]
[[01] [00]] [[11] [10]] 0  | 1  [[00] [10]]
[[01] [00]] [[11] [10]] 1  | 1  [[00] [11]]
[[01] [00]] [[11] [11]] 0  | 1  [[00] [11]]
[[01] [00]] [[11] [11]] 1  | 1  [[01] [00]]
[[01] [01]] [[00] [00]] 0  | 0  [[01] [01]]
[[01] [01]] [[00] [00]] 1  | 0  [[01] [10]]
[[01] [01]] [[00] [01]] 0  | 0  [[01] [10]]
[[01] [01]] [[00] [01]] 1  | 0  [[01] [11]]
[[01] [01]] [[00] [10]] 0  | 0  [[01] [11]]
[[01] [01]] [[00] [10]] 1  | 0  [[10] [00]]
[[01] [01]] [[00] [11]] 0  | 0  [[10] [00]]
[[01] [01]] [[00] [11]] 1  | 0  [[10] [01]]
[[01] [01]] [[01] [00]] 0  | 0  [[10] [01]]
[[01] [01]] [[01] [00]] 1  | 0  [[10] [10]]
[[01] [01]] [[01] [01]] 0  | 0  [[10] [10]]
[[01] [01]] [[01] [01]] 1  | 0  [[10] [11]]
[[01] [01]] [[01] [10]] 0  | 0  [[10] [11]]
[[01] [01]] [[01] [10]] 1  | 0  [[11] [00]]
[[01] [01]] [[01] [11]] 0  | 0  [[11] [00]]
[[01] [01]] [[01] [11]] 1  | 0  [[11] [01]]
[[01] [01]] [[10] [00]] 0  | 0  [[11] [01]]
[[01] [01]] [[10] [00]] 1  | 0  [[11] [10]]
[[01] [01]] [[10] [01]] 0  | 0  [[11] [10]]
[[01] [01]] [[10] [01]] 1  | 0  [[11] [11]]
[[01] [01]] [[10] [10]] 0  | 0  [[11] [11]]
[[01] [01]] [[10] [10]] 1  | 1  [[00] [00]]
[[01] [01]] [[10] [11]] 0  | 1  [[00] [00]]
[[01] [01]] [[10] [11]] 1  | 1  [[00] [01]]
[[01] [01]] [[11] [00]] 0  | 1  [[00] [01]]
[[01] [01]] [[11] [00]] 1  | 1  [[00] [10]]
[[01] [01]] [[11] [01]] 0  | 1  [[00] [10]]
[[01] [01]] [[11] [01]] 1  | 1  [[00] [11]]
[[01] [01]] [[11] [10]] 0  | 1  [[00] [11]]
[[01] [01]] [[11] [10]] 1  | 1  [[01] [00]]
[[01] [01]] [[11] [11]] 0  | 1  [[01] [00]]
[[01] [01]] [[11] [11]] 1  | 1  [[01] [01]]
[[01] [10]] [[00] [00]] 0  | 0  [[01] [10]]
[[01] [10]] [[00] [00]] 1  | 0  [[01] [11]]
[[01] [10]] [[00] [01]] 0  | 0  [[01] [11]]
[[01] [10]] [[00] [01]] 1  | 0  [[10] [00]]
[[01] [10]] [[00] [10]] 0  | 0  [[10] [00]]
[[01] [10]] [[00] [10]] 1  | 0  [[10] [01]]
[[01] [10]] [[00] [11]] 0  | 0  [[10] [01]]
[[01] [10]] [[00] [11]] 1  | 0  [[10] [10]]
[[01] [10]] [[01] [00]] 0  | 0  [[10] [10]]
[[01] [10]] [[01] [00]] 1  | 0  [[10] [11]]
[[01] [10]] [[01] [01]] 0  | 0  [[10] [11]]
[[01] [10]] [[01] [01]] 1  | 0  [[11] [00]]
[[01] [10]] [[01] [10]] 0  | 0  [[11] [00]]
[[01] [10]] [[01] [10]] 1  | 0  [[11] [01]]
[[01] [10]] [[01] [11]] 0  | 0  [[11] [01]]
[[01] [10]] [[01] [11]] 1  | 0  [[11] [10]]
[[01] [10]] [[10] [00]] 0  | 0  [[11] [10]]
[[01] [10]] [[10] [00]] 1  | 0  [[11] [11]]
[[01] [10]] [[10] [01]] 0  | 0  [[11] [11]]
[[01] [10]] [[10] [01]] 1  | 1  [[00] [00]]
[[01] [10]] [[10] [10]] 0  | 1  [[00] [00]]
[[01] [10]] [[10] [10]] 1  | 1  [[00] [01]]
[[01] [10]] [[10] [11]] 0  | 1  [[00] [01]]
[[01] [10]] [[10] [11]] 1  | 1  [[00] [10]]
[[01] [10]] [[11] [00]] 0  | 1  [[00] [10]]
[[01] [10]] [[11] [00]] 1  | 1  [[00] [11]]
[[01] [10]] [[11] [01]] 0  | 1  [[00] [11]]
[[01] [10]] [[11] [01]] 1  | 1  [[01] [00]]
[[01] [10]] [[11] [10]] 0  | 1  [[01] [00]]
[[01] [10]] [[11] [10]] 1  | 1  [[01] [01]]
[[01] [10]] [[11] [11]] 0  | 1  [[01] [01]]
[[01] [10]] [[11] [11]] 1  | 1  [[01] [10]]
[[01] [11]] [[00] [00]] 0  | 0  [[01] [11]]
[[01] [11]] [[00] [00]] 1  | 0  [[10] [00]]
[[01] [11]] [[00] [01]] 0  | 0  [[10] [00]]
[[01] [11]] [[00] [01]] 1  | 0  [[10] [01]]
[[01] [11]] [[00] [10]] 0  | 0  [[10] [01]]
[[01] [11]] [[00] [10]] 1  | 0  [[10] [10]]
[[01] [11]] [[00] [11]] 0  | 0  [[10] [10]]
[[01] [11]] [[00] [11]] 1  | 0  [[10] [11]]
[[01] [11]] [[01] [00]] 0  | 0  [[10] [11]]
[[01] [11]] [[01] [00]] 1  | 0  [[11] [00]]
[[01] [11]] [[01] [01]] 0  | 0  [[11] [00]]
[[01] [11]] [[01] [01]] 1  | 0  [[11] [01]]
[[01] [11]] [[01] [10]] 0  | 0  [[11] [01]]
[[01] [11]] [[01] [10]] 1  | 0  [[11] [10]]
[[01] [11]] [[01] [11]] 0  | 0  [[11] [10]]
[[01] [11]] [[01] [11]] 1  | 0  [[11] [11]]
[[01] [11]] [[10] [00]] 0  | 0  [[11] [11]]
[[01] [11]] [[10] [00]] 1  | 1  [[00] [00]]
[[01] [11]] [[10] [01]] 0  | 1  [[00] [00]]
[[01] [11]] [[10] [01]] 1  | 1  [[00] [01]]
[[01] [11]] [[10] [10]] 0  | 1  [[00] [01]]
[[01] [11]] [[10] [10]] 1  | 1  [[00] [10]]
[[01] [11]] [[10] [11]] 0  | 1  [[00] [10]]
[[01] [11]] [[10] [11]] 1  | 1  [[00] [11]]
[[01] [11]] [[11] [00]] 0  | 1  [[00] [11]]
[[01] [11]] [[11] [00]] 1  | 1  [[01] [00]]
[[01] [11]] [[11] [01]] 0  | 1  [[01] [00]]
[[01] [11]] [[11] [01]] 1  | 1  [[01] [01]]
[[01] [11]] [[11] [10]] 0  | 1  [[01] [01]]
[[01] [11]] [[11] [10]] 1  | 1  [[01] [10]]
[[01] [11]] [[11] [11]] 0  | 1  [[01] [10]]
[[01] [11]] [[11] [11]] 1  | 1  [[01] [11]]
[[10] [00]] [[00] [00]] 0  | 0  [[10] [00]]
[[10] [00]] [[00] [00]] 1  | 0  [[10] [01]]
[[10] [00]] [[00] [01]] 0  | 0  [[10] [01]]
[[10] [00]] [[00] [01]] 1  | 0  [[10] [10]]
[[10] [00]] [[00] [10]] 0  | 0  [[10] [10]]
[[10] [00]] [[00] [10]] 1  | 0  [[10] [11]]
[[10] [00]] [[00] [11]] 0  | 0  [[10] [11]]
[[10] [00]] [[00] [11]] 1  | 0  [[11] [00]]
[[10] [00]] [[01] [00]] 0  | 0  [[11] [00]]
[[10] [00]] [[01] [00]] 1  | 0  [[11] [01]]
[[10] [00]] [[01] [01]] 0  | 0  [[11] [01]]
[[10] [00]] [[01] [01]] 1  | 0  [[11] [10]]
[[10] [00]] [[01] [10]] 0  | 0  [[11] [10]]
[[10] [00]] [[01] [10]] 1  | 0  [[11] [11]]
[[10] [00]] [[01] [11]] 0  | 0  [[11] [11]]
[[10] [00]] [[01] [11]] 1  | 1  [[00] [00]]
[[10] [00]] [[10] [00]] 0  | 1  [[00] [00]]
[[10] [00]] [[10] [00]] 1  | 1  [[00] [01]]
[[10] [00]] [[10] [01]] 0  | 1  [[00] [01]]
[[10] [00]] [[10] [01]] 1  | 1  [[00] [10]]
[[10] [00]] [[10] [10]] 0  | 1  [[00] [10]]
[[10] [00]] [[10] [10]] 1  | 1  [[00] [11]]
[[10] [00]] [[10] [11]] 0  | 1  [[00] [11]]
[[10] [00]] [[10] [11]] 1  | 1  [[01] [00]]
[[10] [00]] [[11] [00]] 0  | 1  [[01] [00]]
[[10] [00]] [[11] [00]] 1  | 1  [[01] [01]]
[[10] [00]] [[11] [01]] 0  | 1  [[01] [01]]
[[10] [00]] [[11] [01]] 1  | 1  [[01] [10]]
[[10] [00]] [[11] [10]] 0  | 1  [[01] [10]]
[[10] [00]] [[11] [10]] 1  | 1  [[01] [11]]
[[10] [00]] [[11] [11]] 0  | 1  [[01] [11]]
[[10] [00]] [[11] [11]] 1  | 1  [[10] [00]]
[[10] [01]] [[00] [00]] 0  | 0  [[10] [01]]
[[10] [01]] [[00] [00]] 1  | 0  [[10] [10]]
[[10] [01]] [[00] [01]] 0  | 0  [[10] [10]]
[[10] [01]] [[00] [01]] 1  | 0  [[10] [11]]
[[10] [01]] [[00] [10]] 0  | 0  [[10] [11]]
[[10] [01]] [[00] [10]] 1  | 0  [[11] [00]]
[[10] [01]] [[00] [11]] 0  | 0  [[11] [00]]
[[10] [01]] [[00] [11]] 1  | 0  [[11] [01]]
[[10] [01]] [[01] [00]] 0  | 0  [[11] [01]]
[[10] [01]] [[01] [00]] 1  | 0  [[11] [10]]
[[10] [01]] [[01] [01]] 0  | 0  [[11] [10]]
[[10] [01]] [[01] [01]] 1  | 0  [[11] [11]]
[[10] [01]] [[01] [10]] 0  | 0  [[11] [11]]
[[10] [01]] [[01] [10]] 1  | 1  [[00] [00]]
[[10] [01]] [[01] [11]] 0  | 1  [[00] [00]]
[[10] [01]] [[01] [11]] 1  | 1  [[00] [01]]
[[10] [01]] [[10] [00]] 0  | 1  [[00] [01]]
[[10] [01]] [[10] [00]] 1  | 1  [[00] [10]]
[[10] [01]] [[10] [01]] 0  | 1  [[00] [10]]
[[10] [01]] [[10] [01]] 1  | 1  [[00] [11]]
[[10] [01]] [[10] [10]] 0  | 1  [[00] [11]]
[[10] [01]] [[10] [10]] 1  | 1  [[01] [00]]
[[10] [01]] [[10] [11]] 0  | 1  [[01] [00]]
[[10] [01]] [[10] [11]] 1  | 1  [[01] [01]]
[[10] [01]] [[11] [00]] 0  | 1  [[01] [01]]
[[10] [01]] [[11] [00]] 1  | 1  [[01] [10]]
[[10] [01]] [[11] [01]] 0  | 1  [[01] [10]]
[[10] [01]] [[11] [01]] 1  | 1  [[01] [11]]
[[10] [01]] [[11] [10]] 0  | 1  [[01] [11]]
[[10] [01]] [[11] [10]] 1  | 1  [[10] [00]]
[[10] [01]] [[11] [11]] 0  | 1  [[10] [00]]
[[10] [01]] [[11] [11]] 1  | 1  [[10] [01]]
[[10] [10]] [[00] [00]] 0  | 0  [[10] [10]]
[[10] [10]] [[00] [00]] 1  | 0  [[10] [11]]
[[10] [10]] [[00] [01]] 0  | 0  [[10] [11]]
[[10] [10]] [[00] [01]] 1  | 0  [[11] [00]]
[[10] [10]] [[00] [10]] 0  | 0  [[11] [00]]
[[10] [10]] [[00] [10]] 1  | 0  [[11] [01]]
[[10] [10]] [[00] [11]] 0  | 0  [[11] [01]]
[[10] [10]] [[00] [11]] 1  | 0  [[11] [10]]
[[10] [10]] [[01] [00]] 0  | 0  [[11] [10]]
[[10] [10]] [[01] [00]] 1  | 0  [[11] [11]]
[[10] [10]] [[01] [01]] 0  | 0  [[11] [11]]
[[10] [10]] [[01] [01]] 1  | 1  [[00] [00]]
[[10] [10]] [[01] [10]] 0  | 1  [[00] [00]]
[[10] [10]] [[01] [10]] 1  | 1  [[00] [01]]
[[10] [10]] [[01] [11]] 0  | 1  [[00] [01]]
[[10] [10]] [[01] [11]] 1  | 1  [[00] [10]]
[[10] [10]] [[10] [00]] 0  | 1  [[00] [10]]
[[10] [10]] [[10] [00]] 1  | 1  [[00] [11]]
[[10] [10]] [[10] [01]] 0  | 1  [[00] [11]]
[[10] [10]] [[10] [01]] 1  | 1  [[01] [00]]
[[10] [10]] [[10] [10]] 0  | 1  [[01] [00]]
[[10] [10]] [[10] [10]] 1  | 1  [[01] [01]]
[[10] [10]] [[10] [11]] 0  | 1  [[01] [01]]
[[10] [10]] [[10] [11]] 1  | 1  [[01] [10]]
[[10] [10]] [[11] [00]] 0  | 1  [[01] [10]]
[[10] [10]] [[11] [00]] 1  | 1  [[01] [11]]
[[10] [10]] [[11] [01]] 0  | 1  [[01] [11]]
[[10] [10]] [[11] [01]] 1  | 1  [[10] [00]]
[[10] [10]] [[11] [10]] 0  | 1  [[10] [00]]
[[10] [10]] [[11] [10]] 1  | 1  [[10] [01]]
[[10] [10]] [[11] [11]] 0  | 1  [[10] [01]]
[[10] [10]] [[11] [11]] 1  | 1  [[10] [10]]
[[10] [11]] [[00] [00]] 0  | 0  [[10] [11]]
[[10] [11]] [[00] [00]] 1  | 0  [[11] [00]]
[[10] [11]] [[00] [01]] 0  | 0  [[11] [00]]
[[10] [11]] [[00] [01]] 1  | 0  [[11] [01]]
[[10] [11]] [[00] [10]] 0  | 0  [[11] [01]]
[[10] [11]] [[00] [10]] 1  | 0  [[11] [10]]
[[10] [11]] [[00] [11]] 0  | 0  [[11] [10]]
[[10] [11]] [[00] [11]] 1  | 0  [[11] [11]]
[[10] [11]] [[01] [00]] 0  | 0  [[11] [11]]
[[10] [11]] [[01] [00]] 1  | 1  [[00] [00]]
[[10] [11]] [[01] [01]] 0  | 1  [[00] [00]]
[[10] [11]] [[01] [01]] 1  | 1  [[00] [01]]
[[10] [11]] [[01] [10]] 0  | 1  [[00] [01]]
[[10] [11]] [[01] [10]] 1  | 1  [[00] [10]]
[[10] [11]] [[01] [11]] 0  | 1  [[00] [10]]
[[10] [11]] [[01] [11]] 1  | 1  [[00] [11]]
[[10] [11]] [[10] [00]] 0  | 1  [[00] [11]]
[[10] [11]] [[10] [00]] 1  | 1  [[01] [00]]
[[10] [11]] [[10] [01]] 0  | 1  [[01] [00]]
[[10] [11]] [[10] [01]] 1  | 1  [[01] [01]]
[[10] [11]] [[10] [10]] 0  | 1  [[01] [01]]
[[10] [11]] [[10] [10]] 1  | 1  [[01] [10]]
[[10] [11]] [[10] [11]] 0  | 1  [[01] [10]]
[[10] [11]] [[10] [11]] 1  | 1  [[01] [11]]
[[10] [11]] [[11] [00]] 0  | 1  [[01] [11]]
[[10] [11]] [[11] [00]] 1  | 1  [[10] [00]]
[[10] [11]] [[11] [01]] 0  | 1  [[10] [00]]
[[10] [11]] [[11] [01]] 1  | 1  [[10] [01]]
[[10] [11]] [[11] [10]] 0  | 1  [[10] [01]]
[[10] [11]] [[11] [10]] 1  | 1  [[10] [10]]
[[10] [11]] [[11] [11]] 0  | 1  [[10] [10]]
[[10] [11]] [[11] [11]] 1  | 1  [[10] [11]]
[[11] [00]] [[00] [00]] 0  | 0  [[11] [00]]
[[11] [00]] [[00] [00]] 1  | 0  [[11] [01]]
[[11] [00]] [[00] [01]] 0  | 0  [[11] [01]]
[[11] [00]] [[00] [01]] 1  | 0  [[11] [10]]
[[11] [00]] [[00] [10]] 0  | 0  [[11] [10]]
[[11] [00]] [[00] [10]] 1  | 0  [[11] [11]]
[[11] [00]] [[00] [11]] 0  | 0  [[11] [11]]
[[11] [00]] [[00] [11]] 1  | 1  [[00] [00]]
[[11] [00]] [[01] [00]] 0  | 1  [[00] [00]]
[[11] [00]] [[01] [00]] 1  | 1  [[00] [01]]
[[11] [00]] [[01] [01]] 0  | 1  [[00] [01]]
[[11] [00]] [[01] [01]] 1  | 1  [[00] [10]]
[[11] [00]] [[01] [10]] 0  | 1  [[00] [10]]
[[11] [00]] [[01] [10]] 1  | 1  [[00] [11]]
[[11] [00]] [[01] [11]] 0  | 1  [[00] [11]]
[[11] [00]] [[01] [11]] 1  | 1  [[01] [00]]
[[11] [00]] [[10] [00]] 0  | 1  [[01] [00]]
[[11] [00]] [[10] [00]] 1  | 1  [[01] [01]]
[[11] [00]] [[10] [01]] 0  | 1  [[01] [01]]
[[11] [00]] [[10] [01]] 1  | 1  [[01] [10]]
[[11] [00]] [[10] [10]] 0  | 1  [[01] [10]]
[[11] [00]] [[10] [10]] 1  | 1  [[01] [11]]
[[11] [00]] [[10] [11]] 0  | 1  [[01] [11]]
[[11] [00]] [[10] [11]] 1  | 1  [[10] [00]]
[[11] [00]] [[11] [00]] 0  | 1  [[10] [00]]
[[11] [00]] [[11] [00]] 1  | 1  [[10] [01]]
[[11] [00]] [[11] [01]] 0  | 1  [[10] [01]]
[[11] [00]] [[11] [01]] 1  | 1  [[10] [10]]
[[11] [00]] [[11] [10]] 0  | 1  [[10] [10]]
[[11] [00]] [[11] [10]] 1  | 1  [[10] [11]]
[[11] [00]] [[11] [11]] 0  | 1  [[10] [11]]
[[11] [00]] [[11] [11]] 1  | 1  [[11] [00]]
[[11] [01]] [[00] [00]] 0  | 0  [[11] [01]]
[[11] [01]] [[00] [00]] 1  | 0  [[11] [10]]
[[11] [01]] [[00] [01]] 0  | 0  [[11] [10]]
[[11] [01]] [[00] [01]] 1  | 0  [[11] [11]]
[[11] [01]] [[00] [10]] 0  | 0  [[11] [11]]
[[11] [01]] [[00] [10]] 1  | 1  [[00] [00]]
[[11] [01]] [[00] [11]] 0  | 1  [[00] [00]]
[[11] [01]] [[00] [11]] 1  | 1  [[00] [01]]
[[11] [01]] [[01] [00]] 0  | 1  [[00] [01]]
[[11] [01]] [[01] [00]] 1  | 1  [[00] [10]]
[[11] [01]] [[01] [01]] 0  | 1  [[00] [10]]
[[11] [01]] [[01] [01]] 1  | 1  [[00] [11]]
[[11] [01]] [[01] [10]] 0  | 1  [[00] [11]]
[[11] [01]] [[01] [10]] 1  | 1  [[01] [00]]
[[11] [01]] [[01] [11]] 0  | 1  [[01] [00]]
[[11] [01]] [[01] [11]] 1  | 1  [[01] [01]]
[[11] [01]] [[10] [00]] 0  | 1  [[01] [01]]
[[11] [01]] [[10] [00]] 1  | 1  [[01] [10]]
[[11] [01]] [[10] [01]] 0  | 1  [[01] [10]]
[[11] [01]] [[10] [01]] 1  | 1  [[01] [11]]
[[11] [01]] [[10] [10]] 0  | 1  [[01] [11]]
[[11] [01]] [[10] [10]] 1  | 1  [[10] [00]]
[[11] [01]] [[10] [11]] 0  | 1  [[10] [00]]
[[11] [01]] [[10] [11]] 1  | 1  [[10] [01]]
[[11] [01]] [[11] [00]] 0  | 1  [[10] [01]]
[[11] [01]] [[11] [00]] 1  | 1  [[10] [10]]
[[11] [01]] [[11] [01]] 0  | 1  [[10] [10]]
[[11] [01]] [[11] [01]] 1  | 1  [[10] [11]]
[[11] [01]] [[11] [10]] 0  | 1  [[10] [11]]
[[11] [01]] [[11] [10]] 1  | 1  [[11] [00]]
[[11] [01]] [[11] [11]] 0  | 1  [[11] [00]]
[[11] [01]] [[11] [11]] 1  | 1  [[11] [01]]
[[11] [10]] [[00] [00]] 0  | 0  [[11] [10]]
[[11] [10]] [[00] [00]] 1  | 0  [[11] [11]]
[[11] [10]] [[00] [01]] 0  | 0  [[11] [11]]
[[11] [10]] [[00] [01]] 1  | 1  [[00] [00]]
[[11] [10]] [[00] [10]] 0  | 1  [[00] [00]]
[[11] [10]] [[00] [10]] 1  | 1  [[00] [01]]
[[11] [10]] [[00] [11]] 0  | 1  [[00] [01]]
[[11] [10]] [[00] [11]] 1  | 1  [[00] [10]]
[[11] [10]] [[01] [00]] 0  | 1  [[00] [10]]
[[11] [10]] [[01] [00]] 1  | 1  [[00] [11]]
[[11] [10]] [[01] [01]] 0  | 1  [[00] [11]]
[[11] [10]] [[01] [01]] 1  | 1  [[01] [00]]
[[11] [10]] [[01] [10]] 0  | 1  [[01] [00]]
[[11] [10]] [[01] [10]] 1  | 1  [[01] [01]]
[[11] [10]] [[01] [11]] 0  | 1  [[01] [01]]
[[11] [10]] [[01] [11]] 1  | 1  [[01] [10]]
[[11] [10]] [[10] [00]] 0  | 1  [[01] [10]]
[[11] [10]] [[10] [00]] 1  | 1  [[01] [11]]
[[11] [10]] [[10] [01]] 0  | 1  [[01] [11]]
[[11] [10]] [[10] [01]] 1  | 1  [[10] [00]]
[[11] [10]] [[10] [10]] 0  | 1  [[10] [00]]
[[11] [10]] [[10] [10]] 1  | 1  [[10] [01]]
[[11] [10]] [[10] [11]] 0  | 1  [[10] [01]]
[[11] [10]] [[10] [11]] 1  | 1  [[10] [10]]
[[11] [10]] [[11] [00]] 0  | 1  [[10] [10]]
[[11] [10]] [[11] [00]] 1  | 1  [[10] [11]]
[[11] [10]] [[11] [01]] 0  | 1  [[10] [11]]
[[11] [10]] [[11] [01]] 1  | 1  [[11] [00]]
[[11] [10]] [[11] [10]] 0  | 1  [[11] [00]]
[[11] [10]] [[11] [10]] 1  | 1  [[11] [01]]
[[11] [10]] [[11] [11]] 0  | 1  [[11] [01]]
[[11] [10]] [[11] [11]] 1  | 1  [[11] [10]]
[[11] [11]] [[00] [00]] 0  | 0  [[11] [11]]
[[11] [11]] [[00] [00]] 1  | 1  [[00] [00]]
[[11] [11]] [[00] [01]] 0  | 1  [[00] [00]]
[[11] [11]] [[00] [01]] 1  | 1  [[00] [01]]
[[11] [11]] [[00] [10]] 0  | 1  [[00] [01]]
[[11] [11]] [[00] [10]] 1  | 1  [[00] [10]]
[[11] [11]] [[00] [11]] 0  | 1  [[00] [10]]
[[11] [11]] [[00] [11]] 1  | 1  [[00] [11]]
[[11] [11]] [[01] [00]] 0  | 1  [[00] [11]]
[[11] [11]] [[01] [00]] 1  | 1  [[01] [00]]
[[11] [11]] [[01] [01]] 0  | 1  [[01] [00]]
[[11] [11]] [[01] [01]] 1  | 1  [[01] [01]]
[[11] [11]] [[01] [10]] 0  | 1  [[01] [01]]
[[11] [11]] [[01] [10]] 1  | 1  [[01] [10]]
[[11] [11]] [[01] [11]] 0  | 1  [[01] [10]]
[[11] [11]] [[01] [11]] 1  | 1  [[01] [11]]
[[11] [11]] [[10] [00]] 0  | 1  [[01] [11]]
[[11] [11]] [[10] [00]] 1  | 1  [[10] [00]]
[[11] [11]] [[10] [01]] 0  | 1  [[10] [00]]
[[11] [11]] [[10] [01]] 1  | 1  [[10] [01]]
[[11] [11]] [[10] [10]] 0  | 1  [[10] [01]]
[[11] [11]] [[10] [10]] 1  | 1  [[10] [10]]
[[11] [11]] [[10] [11]] 0  | 1  [[10] [10]]
[[11] [11]] [[10] [11]] 1  | 1  [[10] [11]]
[[11] [11]] [[11] [00]] 0  | 1  [[10] [11]]
[[11] [11]] [[11] [00]] 1  | 1  [[11] [00]]
[[11] [11]] [[11] [01]] 0  | 1  [[11] [00]]
[[11] [11]] [[11] [01]] 1  | 1  [[11] [01]]
[[11] [11]] [[11] [10]] 0  | 1  [[11] [01]]
[[11] [11]] [[11] [10]] 1  | 1  [[11] [10]]
[[11] [11]] [[11] [11]] 0  | 1  [[11] [10]]
[[11] [11]] [[11] [11]] 1  | 1  [[11] [11]]

