Circuit not is defined.

Circuit f is defined.

Simplification of f:
f(<Bit>) -> <Bit>
f(X) = !X

Circuit g is defined.

Simplification of g:
g(<Bit>) -> <Bit>, <Bit>, <Bit>, <Bit>
g(X) = X, !X, Z, E where
  E = !X
  Z = X

Circuit and is defined.

Simplification of and:
<Bit> & <Bit> -> <Bit>
X & Y = !nand(X, Y)

Circuit h is defined.

Simplification of h:
h(<Bit>, <Bit>) -> <Bit>
h(X, Y) = nand(X, Y)

Circuit or is defined.

Circuit i is defined.

Simplification of i:
i(<Bit>, <Bit>) -> <Bit>
i(X, Y) = X & !Y

Circuit j is defined.

Simplification of j:
j(<Bit>, <Bit>) -> <Bit>
j(X, Y) = nand(X, Y)

Circuit k is defined.

Simplification of k:
k(<Bit>, <Bit>) -> <Bit>
k(X, Y) = nand(X & Y, X)

Circuit l is defined.

Simplification of l:
l(<Bit>, <Bit>) -> <Bit>
l(X, Y) = X & Y

Circuit m is defined.

Simplification of m:
m(<Bit>, <Bit>) -> <Bit>
m(X, Y) = nand(X, Y)
