Type `<Bitt>` is defined.

Circuit `nand2` is defined.

Bisimulation between `nand`, `nand2`:
  `nand` behaves like `nand2`
    {} ~ {}
