Warning: the wires T, Y, Z are defined but never used.

Circuit f is defined.

f(<Bit>) -> <Bit>
f(X) = X

